[2026-04-18T11:03:34.088+0000] [] [INFO] [NCLS-GFLAUNCHER-00005] [javax.enterprise.launcher] [tid: _ThreadID=3 _ThreadName=main] [timeMillis: 1776510214088] [levelValue: 800] [[
  JVM invocation command line:
/usr/local/sdkman/candidates/java/current/bin/java
-cp
/workspaces/banking-app/payara5/glassfish/domains/domain1/lib/ext/*:/workspaces/banking-app/payara5/glassfish/modules/glassfish.jar
-XX:+UnlockDiagnosticVMOptions
--add-exports=java.base/sun.net.www=ALL-UNNAMED
--add-opens=java.base/java.net=ALL-UNNAMED
--add-opens=java.base/sun.net.www.protocol.jrt=ALL-UNNAMED
--add-opens=java.base/java.lang.invoke=ALL-UNNAMED
--add-opens=java.desktop/java.beans=ALL-UNNAMED
--add-opens=java.management/sun.management=ALL-UNNAMED
--add-exports=java.base/jdk.internal.ref=ALL-UNNAMED
--add-opens=java.naming/javax.naming.spi=ALL-UNNAMED
--add-opens=jdk.management/com.sun.management.internal=ALL-UNNAMED
--add-opens=java.base/java.nio=ALL-UNNAMED
--add-opens=java.rmi/sun.rmi.transport=ALL-UNNAMED
--add-opens=java.base/java.lang=ALL-UNNAMED
--add-opens=java.logging/java.util.logging=ALL-UNNAMED
--add-exports=jdk.naming.dns/com.sun.jndi.dns=ALL-UNNAMED
--add-opens=java.base/sun.net.www.protocol.jar=ALL-UNNAMED
--add-opens=java.base/jdk.internal.loader=ALL-UNNAMED
--add-exports=java.base/sun.security.util=ALL-UNNAMED
--add-opens=java.base/java.util=ALL-UNNAMED
--add-opens=java.base/sun.nio.ch=ALL-UNNAMED
-XX:NewRatio=2
-Xmx512m
-Xbootclasspath/a:/workspaces/banking-app/payara5/glassfish/lib/grizzly-npn-api.jar
-server
-javaagent:/workspaces/banking-app/payara5/glassfish/lib/monitor/flashlight-agent.jar
-Djavax.xml.accessExternalSchema=all
-Djavax.net.ssl.trustStore=/workspaces/banking-app/payara5/glassfish/domains/domain1/config/cacerts.jks
-Djdk.tls.rejectClientInitiatedRenegotiation=true
-Djdk.corba.allowOutputStreamSubclass=true
-Dfelix.fileinstall.dir=/workspaces/banking-app/payara5/glassfish/modules/autostart/
-Dorg.glassfish.additionalOSGiBundlesToStart=org.apache.felix.shell,org.apache.felix.gogo.runtime,org.apache.felix.gogo.shell,org.apache.felix.gogo.command,org.apache.felix.shell.remote,org.apache.felix.fileinstall
-Dcom.sun.aas.installRoot=/workspaces/banking-app/payara5/glassfish
-Dfelix.fileinstall.poll=5000
-Djava.security.policy=/workspaces/banking-app/payara5/glassfish/domains/domain1/config/server.policy
-Dosgi.shell.telnet.maxconn=1
-Dfelix.fileinstall.bundles.startTransient=true
-Dcom.sun.enterprise.config.config_environment_factory_class=com.sun.enterprise.config.serverbeans.AppserverConfigEnvironmentFactory
-Dfelix.fileinstall.log.level=2
-Djavax.net.ssl.keyStore=/workspaces/banking-app/payara5/glassfish/domains/domain1/config/keystore.jks
-Djava.security.auth.login.config=/workspaces/banking-app/payara5/glassfish/domains/domain1/config/login.conf
-Dfelix.fileinstall.disableConfigSave=false
-Dorg.glassfish.grizzly.DEFAULT_MEMORY_MANAGER=org.glassfish.grizzly.memory.HeapMemoryManager
-Dfelix.fileinstall.bundles.new.start=true
-Dcom.sun.aas.instanceRoot=/workspaces/banking-app/payara5/glassfish/domains/domain1
-Dosgi.shell.telnet.port=6666
-Dgosh.args=--nointeractive
-Dcom.sun.enterprise.security.httpsOutboundKeyAlias=s1as
-Dorg.jboss.weld.serialization.beanIdentifierIndexOptimization=false
-Dosgi.shell.telnet.ip=127.0.0.1
-Djdk.attach.allowAttachSelf=true
-DANTLR_USE_DIRECT_CLASS_LOADING=true
-Djava.awt.headless=true
-Dcom.ctc.wstx.returnNullForDefaultNamespace=true
-Djdbc.drivers=org.h2.Driver
-Dorg.glassfish.grizzly.nio.DefaultSelectorHandler.force-selector-spin-detection=true
-Djava.library.path=/workspaces/banking-app/payara5/glassfish/lib:/usr/java/packages/lib:/usr/lib64:/lib64:/lib:/usr/lib
com.sun.enterprise.glassfish.bootstrap.ASMain
-upgrade
false
-domaindir
/workspaces/banking-app/payara5/glassfish/domains/domain1
-read-stdin
true
-asadmin-args
--host,,,localhost,,,--port,,,4848,,,--secure=false,,,--terse=false,,,--extraterse=false,,,--echo=false,,,--interactive=true,,,--autoname=false,,,start-domain,,,--verbose=false,,,--watchdog=false,,,--debug=false,,,--domaindir,,,/workspaces/banking-app/payara5/glassfish/domains,,,domain1
-domainname
domain1
-instancename
server
-type
DAS
-verbose
false
-asadmin-classpath
/workspaces/banking-app/payara5/glassfish/lib/client/appserver-cli.jar
-debug
false
-asadmin-classname
com.sun.enterprise.admin.cli.AdminMain
-watchdog
false]]

[2026-04-18T11:06:06.157+0000] [] [INFO] [NCLS-GFLAUNCHER-00005] [javax.enterprise.launcher] [tid: _ThreadID=3 _ThreadName=main] [timeMillis: 1776510366157] [levelValue: 800] [[
  JVM invocation command line:
/usr/local/sdkman/candidates/java/current/bin/java
-cp
/workspaces/banking-app/payara5/glassfish/domains/domain1/lib/ext/*:/workspaces/banking-app/payara5/glassfish/modules/glassfish.jar
-XX:+UnlockDiagnosticVMOptions
--add-exports=java.base/sun.net.www=ALL-UNNAMED
--add-opens=java.base/java.net=ALL-UNNAMED
--add-opens=java.base/sun.net.www.protocol.jrt=ALL-UNNAMED
--add-opens=java.base/java.lang.invoke=ALL-UNNAMED
--add-opens=java.desktop/java.beans=ALL-UNNAMED
--add-opens=java.management/sun.management=ALL-UNNAMED
--add-exports=java.base/jdk.internal.ref=ALL-UNNAMED
--add-opens=java.naming/javax.naming.spi=ALL-UNNAMED
--add-opens=jdk.management/com.sun.management.internal=ALL-UNNAMED
--add-opens=java.base/java.nio=ALL-UNNAMED
--add-opens=java.rmi/sun.rmi.transport=ALL-UNNAMED
--add-opens=java.base/java.lang=ALL-UNNAMED
--add-opens=java.logging/java.util.logging=ALL-UNNAMED
--add-exports=jdk.naming.dns/com.sun.jndi.dns=ALL-UNNAMED
--add-opens=java.base/sun.net.www.protocol.jar=ALL-UNNAMED
--add-opens=java.base/jdk.internal.loader=ALL-UNNAMED
--add-exports=java.base/sun.security.util=ALL-UNNAMED
--add-opens=java.base/java.util=ALL-UNNAMED
--add-opens=java.base/sun.nio.ch=ALL-UNNAMED
-XX:NewRatio=2
-Xmx512m
-Xbootclasspath/a:/workspaces/banking-app/payara5/glassfish/lib/grizzly-npn-api.jar
-server
-javaagent:/workspaces/banking-app/payara5/glassfish/lib/monitor/flashlight-agent.jar
-Djavax.xml.accessExternalSchema=all
-Djavax.net.ssl.trustStore=/workspaces/banking-app/payara5/glassfish/domains/domain1/config/cacerts.jks
-Djdk.tls.rejectClientInitiatedRenegotiation=true
-Djdk.corba.allowOutputStreamSubclass=true
-Dfelix.fileinstall.dir=/workspaces/banking-app/payara5/glassfish/modules/autostart/
-Dorg.glassfish.additionalOSGiBundlesToStart=org.apache.felix.shell,org.apache.felix.gogo.runtime,org.apache.felix.gogo.shell,org.apache.felix.gogo.command,org.apache.felix.shell.remote,org.apache.felix.fileinstall
-Dcom.sun.aas.installRoot=/workspaces/banking-app/payara5/glassfish
-Dfelix.fileinstall.poll=5000
-Djava.security.policy=/workspaces/banking-app/payara5/glassfish/domains/domain1/config/server.policy
-Dosgi.shell.telnet.maxconn=1
-Dfelix.fileinstall.bundles.startTransient=true
-Dcom.sun.enterprise.config.config_environment_factory_class=com.sun.enterprise.config.serverbeans.AppserverConfigEnvironmentFactory
-Dfelix.fileinstall.log.level=2
-Djavax.net.ssl.keyStore=/workspaces/banking-app/payara5/glassfish/domains/domain1/config/keystore.jks
-Djava.security.auth.login.config=/workspaces/banking-app/payara5/glassfish/domains/domain1/config/login.conf
-Dfelix.fileinstall.disableConfigSave=false
-Dorg.glassfish.grizzly.DEFAULT_MEMORY_MANAGER=org.glassfish.grizzly.memory.HeapMemoryManager
-Dfelix.fileinstall.bundles.new.start=true
-Dcom.sun.aas.instanceRoot=/workspaces/banking-app/payara5/glassfish/domains/domain1
-Dosgi.shell.telnet.port=6666
-Dgosh.args=--nointeractive
-Dcom.sun.enterprise.security.httpsOutboundKeyAlias=s1as
-Dorg.jboss.weld.serialization.beanIdentifierIndexOptimization=false
-Dosgi.shell.telnet.ip=127.0.0.1
-Djdk.attach.allowAttachSelf=true
-DANTLR_USE_DIRECT_CLASS_LOADING=true
-Djava.awt.headless=true
-Dcom.ctc.wstx.returnNullForDefaultNamespace=true
-Djdbc.drivers=org.h2.Driver
-Dorg.glassfish.grizzly.nio.DefaultSelectorHandler.force-selector-spin-detection=true
-Djava.library.path=/workspaces/banking-app/payara5/glassfish/lib:/usr/java/packages/lib:/usr/lib64:/lib64:/lib:/usr/lib
com.sun.enterprise.glassfish.bootstrap.ASMain
-upgrade
false
-domaindir
/workspaces/banking-app/payara5/glassfish/domains/domain1
-read-stdin
true
-asadmin-args
--host,,,localhost,,,--port,,,4848,,,--secure=false,,,--terse=false,,,--extraterse=false,,,--echo=false,,,--interactive=true,,,--autoname=false,,,start-domain,,,--verbose=false,,,--watchdog=false,,,--debug=false,,,--domaindir,,,/workspaces/banking-app/payara5/glassfish/domains,,,domain1
-domainname
domain1
-instancename
server
-type
DAS
-verbose
false
-asadmin-classpath
/workspaces/banking-app/payara5/glassfish/lib/client/appserver-cli.jar
-debug
false
-asadmin-classname
com.sun.enterprise.admin.cli.AdminMain
-watchdog
false]]

[2026-04-18T11:06:58.012+0000] [] [INFO] [NCLS-GFLAUNCHER-00005] [javax.enterprise.launcher] [tid: _ThreadID=3 _ThreadName=main] [timeMillis: 1776510418012] [levelValue: 800] [[
  JVM invocation command line:
/usr/local/sdkman/candidates/java/current/bin/java
-cp
/workspaces/banking-app/payara5/glassfish/domains/domain1/lib/ext/*:/workspaces/banking-app/payara5/glassfish/modules/glassfish.jar
-XX:+UnlockDiagnosticVMOptions
--add-exports=java.base/sun.net.www=ALL-UNNAMED
--add-opens=java.base/java.net=ALL-UNNAMED
--add-opens=java.base/sun.net.www.protocol.jrt=ALL-UNNAMED
--add-opens=java.base/java.lang.invoke=ALL-UNNAMED
--add-opens=java.desktop/java.beans=ALL-UNNAMED
--add-opens=java.management/sun.management=ALL-UNNAMED
--add-exports=java.base/jdk.internal.ref=ALL-UNNAMED
--add-opens=java.naming/javax.naming.spi=ALL-UNNAMED
--add-opens=jdk.management/com.sun.management.internal=ALL-UNNAMED
--add-opens=java.base/java.nio=ALL-UNNAMED
--add-opens=java.rmi/sun.rmi.transport=ALL-UNNAMED
--add-opens=java.base/java.lang=ALL-UNNAMED
--add-opens=java.logging/java.util.logging=ALL-UNNAMED
--add-exports=jdk.naming.dns/com.sun.jndi.dns=ALL-UNNAMED
--add-opens=java.base/sun.net.www.protocol.jar=ALL-UNNAMED
--add-opens=java.base/jdk.internal.loader=ALL-UNNAMED
--add-exports=java.base/sun.security.util=ALL-UNNAMED
--add-opens=java.base/java.util=ALL-UNNAMED
--add-opens=java.base/sun.nio.ch=ALL-UNNAMED
-XX:NewRatio=2
-Xmx512m
-Xbootclasspath/a:/workspaces/banking-app/payara5/glassfish/lib/grizzly-npn-api.jar
-server
-javaagent:/workspaces/banking-app/payara5/glassfish/lib/monitor/flashlight-agent.jar
-Djavax.xml.accessExternalSchema=all
-Djavax.net.ssl.trustStore=/workspaces/banking-app/payara5/glassfish/domains/domain1/config/cacerts.jks
-Djdk.tls.rejectClientInitiatedRenegotiation=true
-Djdk.corba.allowOutputStreamSubclass=true
-Dfelix.fileinstall.dir=/workspaces/banking-app/payara5/glassfish/modules/autostart/
-Dorg.glassfish.additionalOSGiBundlesToStart=org.apache.felix.shell,org.apache.felix.gogo.runtime,org.apache.felix.gogo.shell,org.apache.felix.gogo.command,org.apache.felix.shell.remote,org.apache.felix.fileinstall
-Dcom.sun.aas.installRoot=/workspaces/banking-app/payara5/glassfish
-Dfelix.fileinstall.poll=5000
-Djava.security.policy=/workspaces/banking-app/payara5/glassfish/domains/domain1/config/server.policy
-Dosgi.shell.telnet.maxconn=1
-Dfelix.fileinstall.bundles.startTransient=true
-Dcom.sun.enterprise.config.config_environment_factory_class=com.sun.enterprise.config.serverbeans.AppserverConfigEnvironmentFactory
-Dfelix.fileinstall.log.level=2
-Djavax.net.ssl.keyStore=/workspaces/banking-app/payara5/glassfish/domains/domain1/config/keystore.jks
-Djava.security.auth.login.config=/workspaces/banking-app/payara5/glassfish/domains/domain1/config/login.conf
-Dfelix.fileinstall.disableConfigSave=false
-Dorg.glassfish.grizzly.DEFAULT_MEMORY_MANAGER=org.glassfish.grizzly.memory.HeapMemoryManager
-Dfelix.fileinstall.bundles.new.start=true
-Dcom.sun.aas.instanceRoot=/workspaces/banking-app/payara5/glassfish/domains/domain1
-Dosgi.shell.telnet.port=6666
-Dgosh.args=--nointeractive
-Dcom.sun.enterprise.security.httpsOutboundKeyAlias=s1as
-Dorg.jboss.weld.serialization.beanIdentifierIndexOptimization=false
-Dosgi.shell.telnet.ip=127.0.0.1
-Djdk.attach.allowAttachSelf=true
-DANTLR_USE_DIRECT_CLASS_LOADING=true
-Djava.awt.headless=true
-Dcom.ctc.wstx.returnNullForDefaultNamespace=true
-Djdbc.drivers=org.h2.Driver
-Dorg.glassfish.grizzly.nio.DefaultSelectorHandler.force-selector-spin-detection=true
-Djava.library.path=/workspaces/banking-app/payara5/glassfish/lib:/usr/java/packages/lib:/usr/lib64:/lib64:/lib:/usr/lib
com.sun.enterprise.glassfish.bootstrap.ASMain
-upgrade
false
-domaindir
/workspaces/banking-app/payara5/glassfish/domains/domain1
-read-stdin
true
-asadmin-args
--host,,,localhost,,,--port,,,4848,,,--secure=false,,,--terse=false,,,--extraterse=false,,,--echo=false,,,--interactive=true,,,--autoname=false,,,start-domain,,,--verbose=false,,,--watchdog=false,,,--debug=false,,,--domaindir,,,/workspaces/banking-app/payara5/glassfish/domains,,,domain1
-domainname
domain1
-instancename
server
-type
DAS
-verbose
false
-asadmin-classpath
/workspaces/banking-app/payara5/glassfish/lib/client/appserver-cli.jar
-debug
false
-asadmin-classname
com.sun.enterprise.admin.cli.AdminMain
-watchdog
false]]

